[0;34m============================================[0m
[0;34m  Elderly Fall Detection System[0m
[0;34m============================================[0m

[0;32m→ Activating virtual environment...[0m
[0;32m→ Checking dependencies...[0m
[0;32m→ Checking directories...[0m
[0;32m✓ Pre-checks complete[0m

[0;34m→ Starting web interface...[0m
[0;32m✓ Web interface started (PID: 6635)[0m
  Access at: [1;33mhttp://localhost:5000[0m

Starting Flask web application...
Access at: http://localhost:5000
 * Serving Flask app 'app'
 * Debug mode: on
WARNING: This is a development server. Do not use it in a production deployment. Use a production WSGI server instead.
 * Running on all addresses (0.0.0.0)
 * Running on http://127.0.0.1:5000
 * Running on http://192.168.50.8:5000
Press CTRL+C to quit
 * Restarting with stat
 * Debugger is active!
 * Debugger PIN: 132-710-403
[0;34m→ Starting main detection system...[0m
[0;32m✓ Main system started (PID: 6657)[0m

[0;32m============================================[0m
[0;32m  System Running[0m
[0;32m============================================[0m

  Web Interface: [1;33mhttp://localhost:5000[0m
  Log File: [1;33mdata/logs/system.log[0m

  Press [0;31mCtrl+C[0m to stop

2025-12-11 21:14:32,154 - __main__ - INFO - ============================================================
2025-12-11 21:14:32,154 - __main__ - INFO - Elderly Fall Detection System
2025-12-11 21:14:32,155 - __main__ - INFO - ============================================================
2025-12-11 21:14:32,200 - __main__ - INFO - 
1. Initializing database...
2025-12-11 21:14:32,202 - __main__ - INFO -    ✓ Database ready
2025-12-11 21:14:32,203 - __main__ - INFO - 
2. Initializing GPIO...
2025-12-11 21:14:32,205 - __main__ - INFO -    ✓ GPIO ready
2025-12-11 21:14:32,205 - __main__ - INFO - 
3. Initializing camera...
2025-12-11 21:14:32,205 - __main__ - INFO -    ✓ Camera ready
2025-12-11 21:14:32,206 - __main__ - INFO - 
4. Initializing fall detector...
2025-12-11 21:14:32,206 - src.fall_detector_pose - INFO - Initializing YOLOv8 Pose Fall Detector...
2025-12-11 21:14:50,535 - src.fall_detector_pose - INFO - Loading YOLOv8 pose model (this may take a moment on first run)...
2025-12-11 21:14:51,151 - src.fall_detector_pose - INFO - ✓ YOLOv8 Pose model loaded successfully
2025-12-11 21:14:51,151 - src.fall_detector_pose - INFO - Fall detector ready to use!
2025-12-11 21:14:51,151 - __main__ - INFO -    ✓ Fall detector ready
2025-12-11 21:14:51,151 - __main__ - INFO - 
5. Initializing breathing detector...
2025-12-11 21:14:51,221 - src.breathing_detector - INFO - SIFT detector initialized successfully
2025-12-11 21:14:51,230 - src.breathing_detector - INFO - BreathingDetector initialized with rate range: 12-20 breaths/min
2025-12-11 21:14:51,231 - __main__ - INFO -    ✓ Breathing detector ready
2025-12-11 21:14:51,231 - __main__ - INFO - 
6. Initializing emergency controller...
2025-12-11 21:14:51,278 - src.emergency_controller - INFO - EmergencyController initialized
2025-12-11 21:14:51,278 - src.emergency_controller - INFO -   Countdown duration: 10s
2025-12-11 21:14:51,278 - src.emergency_controller - INFO -   Contact number: 999
2025-12-11 21:14:51,278 - src.emergency_controller - INFO -   Actual calls: DISABLED (simulation)
2025-12-11 21:14:51,279 - __main__ - INFO -    ✓ Emergency controller ready
2025-12-11 21:14:51,280 - __main__ - INFO - Callbacks configured:
2025-12-11 21:14:51,281 - __main__ - INFO -   - Button 1: Manual emergency trigger
2025-12-11 21:14:51,281 - __main__ - INFO -   - Button 2: Cancel/stop emergency
2025-12-11 21:14:51,281 - __main__ - INFO - 
✓ System initialization complete!
2025-12-11 21:14:51,281 - __main__ - INFO - ============================================================
2025-12-11 21:14:51,281 - __main__ - INFO - 
============================================================
2025-12-11 21:14:51,281 - __main__ - INFO - STARTING SYSTEM
2025-12-11 21:14:51,282 - __main__ - INFO - ============================================================
2025-12-11 21:14:51,282 - __main__ - INFO - 
1. Starting continuous camera capture...
2025-12-11 21:14:51,631 - __main__ - INFO -    ✓ Camera capturing every 2 seconds
2025-12-11 21:14:51,632 - __main__ - INFO - 
2. Starting fall detection monitoring...
2025-12-11 21:14:51,633 - __main__ - INFO - Starting fall detection monitoring loop...
2025-12-11 21:14:51,634 - __main__ - INFO -    ✓ Monitoring active
2025-12-11 21:14:51,634 - __main__ - INFO - 
✓ SYSTEM RUNNING
2025-12-11 21:14:51,634 - __main__ - INFO - ============================================================
2025-12-11 21:14:51,635 - __main__ - INFO - 
Controls:
2025-12-11 21:14:51,635 - __main__ - INFO -   - Button 1: Manual emergency call
2025-12-11 21:14:51,635 - __main__ - INFO -   - Button 2: Cancel/stop emergency
2025-12-11 21:14:51,635 - __main__ - INFO -   - Press Ctrl+C to stop system
2025-12-11 21:14:51,635 - __main__ - INFO - 
2025-12-11 21:14:51,781 - __main__ - INFO - 
System Status:
2025-12-11 21:14:51,781 - __main__ - INFO -   Camera running: True
2025-12-11 21:14:51,781 - __main__ - INFO -   Images captured: 4061
2025-12-11 21:14:51,782 - __main__ - INFO -   Fall detector: ACTIVE
2025-12-11 21:14:51,782 - __main__ - INFO -   Emergency state: idle
2025-12-11 21:14:51,782 - __main__ - INFO -   Storage used: 473.1 MB
